core_cm4.h:1816:22:__NVIC_SetPriority	2
main.c:102:6:GPIO_PA8_Init	1
main.c:114:5:main	1
main.c:222:6:TIM2_IRQHandler	13
main.c:325:13:get_camera_position	2
main.c:380:13:get_camera_position_calibration	1
main.c:396:13:set_gyro_offset	1
main.c:418:6:USART2_IRQHandler	2
main.c:428:6:YAW_Complementary	1
main.c:441:6:MagYaw_to_RefKoordinate	2
main.c:476:6:MagYaw_RollKompensated	1
main.c:505:6:Roll_Pitch_transformation	1
main.c:514:6:Pitch_Roll_transfomration	1
main.c:521:6:Roll_transfomration	1
main.c:528:6:R1_R2_R3_transformation	1
main.c:536:6:R3_R2_R1_transfomration	1
