core_cm4.h:1816:22:__NVIC_SetPriority	2
main.c:99:6:GPIO_PA8_Init	1
main.c:111:5:main	1
main.c:218:6:TIM2_IRQHandler	13
main.c:312:13:get_camera_position	2
main.c:374:13:get_camera_position_calibration	1
main.c:390:13:set_gyro_offset	1
main.c:412:6:USART2_IRQHandler	2
main.c:422:6:YAW_Complementary	1
main.c:434:6:MagYaw_to_RefKoordinate	2
main.c:469:6:MagYaw_RollKompensated	1
main.c:497:6:Roll_Pitch_transformation	1
main.c:506:6:Pitch_Roll_transfomration	1
main.c:513:6:Roll_transfomration	1
main.c:520:6:R1_R2_R3_transformation	1
main.c:528:6:R3_R2_R1_transfomration	1
